// Jest Snapshot v1, https://goo.gl/fbAQLP

exports[`Pruebas en <HTMLAPP/> debe de hacer match con el snapshot 1`] = `
<div>
  <h1>
    Impresion de variables en HTML
  </h1>
  <div
    data-testid="test-title"
  >
     
    Name
     
  </div>
  <p>
     
    Apodo
     
  </p>
  <p>
     
    Apodo
     
  </p>
  <p>
     
    7
     
  </p>
</div>
`;
